// Jest Snapshot v1, https://goo.gl/fbAQLP

exports[`Pruebas en GifGridItem mostrar el componente 1`] = `
<div
  className="card animate__animated animate__bounce"
>
  <img
    alt="Titulo"
    src="http://localhost.jpg"
  />
  <p>
    Titulo
  </p>
</div>
`;
